// Jest Snapshot v1, https://goo.gl/fbAQLP

exports[`<TrackGrid /> should render and match the snapshot 1`] = `
<body>
  <div>
    <div
      class="TrackGrid__Container-sc-1fqyrr9-4 glDrzJ"
      data-testid="track-grid"
    />
  </div>
</body>
`;
